--------------------------------------------------------------------------------
Release 14.7 Trace  (nt64)
Copyright (c) 1995-2013 Xilinx, Inc.  All rights reserved.

C:\Xilinx\14.7\ISE_DS\ISE\bin\nt64\unwrapped\trce.exe -intstyle ise -o
mojo_top_0.twr -v 30 -l 30 mojo_top_0_routed.ncd mojo_top_0.pcf

Design file:              mojo_top_0_routed.ncd
Physical constraint file: mojo_top_0.pcf
Device,package,speed:     xc6slx9,tqg144,C,-2 (PRODUCTION 1.23 2013-10-13)
Report level:             verbose report, limited to 30 items per constraint

Environment Variable      Effect 
--------------------      ------ 
NONE                      No environment variables were set
--------------------------------------------------------------------------------

INFO:Timing:3412 - To improve timing, see the Timing Closure User Guide (UG612).
INFO:Timing:2752 - To get complete path coverage, use the unconstrained paths 
   option. All paths that are not constrained will be reported in the 
   unconstrained paths section(s) of the report.
INFO:Timing:3339 - The clock-to-out numbers in this timing report are based on 
   a 50 Ohm transmission line loading model.  For the details of this model, 
   and for more information on accounting for different loading conditions, 
   please see the device datasheet.

================================================================================
Timing constraint: TS_clk = PERIOD TIMEGRP "clk" 50 MHz HIGH 50%;
For more information, see Period Analysis in the Timing Closure User Guide (UG612).

 530 paths analyzed, 137 endpoints analyzed, 0 failing endpoints
 0 timing errors detected. (0 setup errors, 0 hold errors, 0 component switching limit errors)
 Minimum period is   5.089ns.
--------------------------------------------------------------------------------
Slack:                  14.911ns (requirement - (data path - clock path skew + uncertainty))
  Source:               reset_cond/M_stage_q_3 (FF)
  Destination:          slowclock/M_ctr_q_25 (FF)
  Requirement:          20.000ns
  Data Path Delay:      4.935ns (Levels of Logic = 0)
  Clock Path Skew:      -0.119ns (0.694 - 0.813)
  Source Clock:         clk_BUFGP rising at 0.000ns
  Destination Clock:    clk_BUFGP rising at 20.000ns
  Clock Uncertainty:    0.035ns

  Clock Uncertainty:          0.035ns  ((TSJ^2 + TIJ^2)^1/2 + DJ) / 2 + PE
    Total System Jitter (TSJ):  0.070ns
    Total Input Jitter (TIJ):   0.000ns
    Discrete Jitter (DJ):       0.000ns
    Phase Error (PE):           0.000ns

  Maximum Data Path at Slow Process Corner: reset_cond/M_stage_q_3 to slowclock/M_ctr_q_25
    Location             Delay type         Delay(ns)  Physical Resource
                                                       Logical Resource(s)
    -------------------------------------------------  -------------------
    SLICE_X1Y6.AMUX      Tshcko                0.518   reset_cond/M_stage_q[2]
                                                       reset_cond/M_stage_q_3
    SLICE_X22Y32.SR      net (fanout=8)        3.988   M_reset_cond_out
    SLICE_X22Y32.CLK     Tsrck                 0.429   slowclock/M_ctr_q[27]
                                                       slowclock/M_ctr_q_25
    -------------------------------------------------  ---------------------------
    Total                                      4.935ns (0.947ns logic, 3.988ns route)
                                                       (19.2% logic, 80.8% route)

--------------------------------------------------------------------------------
Slack:                  14.922ns (requirement - (data path - clock path skew + uncertainty))
  Source:               reset_cond/M_stage_q_3 (FF)
  Destination:          slowclock/M_ctr_q_24 (FF)
  Requirement:          20.000ns
  Data Path Delay:      4.924ns (Levels of Logic = 0)
  Clock Path Skew:      -0.119ns (0.694 - 0.813)
  Source Clock:         clk_BUFGP rising at 0.000ns
  Destination Clock:    clk_BUFGP rising at 20.000ns
  Clock Uncertainty:    0.035ns

  Clock Uncertainty:          0.035ns  ((TSJ^2 + TIJ^2)^1/2 + DJ) / 2 + PE
    Total System Jitter (TSJ):  0.070ns
    Total Input Jitter (TIJ):   0.000ns
    Discrete Jitter (DJ):       0.000ns
    Phase Error (PE):           0.000ns

  Maximum Data Path at Slow Process Corner: reset_cond/M_stage_q_3 to slowclock/M_ctr_q_24
    Location             Delay type         Delay(ns)  Physical Resource
                                                       Logical Resource(s)
    -------------------------------------------------  -------------------
    SLICE_X1Y6.AMUX      Tshcko                0.518   reset_cond/M_stage_q[2]
                                                       reset_cond/M_stage_q_3
    SLICE_X22Y32.SR      net (fanout=8)        3.988   M_reset_cond_out
    SLICE_X22Y32.CLK     Tsrck                 0.418   slowclock/M_ctr_q[27]
                                                       slowclock/M_ctr_q_24
    -------------------------------------------------  ---------------------------
    Total                                      4.924ns (0.936ns logic, 3.988ns route)
                                                       (19.0% logic, 81.0% route)

--------------------------------------------------------------------------------
Slack:                  14.945ns (requirement - (data path - clock path skew + uncertainty))
  Source:               reset_cond/M_stage_q_3 (FF)
  Destination:          slowclock/M_ctr_q_26 (FF)
  Requirement:          20.000ns
  Data Path Delay:      4.901ns (Levels of Logic = 0)
  Clock Path Skew:      -0.119ns (0.694 - 0.813)
  Source Clock:         clk_BUFGP rising at 0.000ns
  Destination Clock:    clk_BUFGP rising at 20.000ns
  Clock Uncertainty:    0.035ns

  Clock Uncertainty:          0.035ns  ((TSJ^2 + TIJ^2)^1/2 + DJ) / 2 + PE
    Total System Jitter (TSJ):  0.070ns
    Total Input Jitter (TIJ):   0.000ns
    Discrete Jitter (DJ):       0.000ns
    Phase Error (PE):           0.000ns

  Maximum Data Path at Slow Process Corner: reset_cond/M_stage_q_3 to slowclock/M_ctr_q_26
    Location             Delay type         Delay(ns)  Physical Resource
                                                       Logical Resource(s)
    -------------------------------------------------  -------------------
    SLICE_X1Y6.AMUX      Tshcko                0.518   reset_cond/M_stage_q[2]
                                                       reset_cond/M_stage_q_3
    SLICE_X22Y32.SR      net (fanout=8)        3.988   M_reset_cond_out
    SLICE_X22Y32.CLK     Tsrck                 0.395   slowclock/M_ctr_q[27]
                                                       slowclock/M_ctr_q_26
    -------------------------------------------------  ---------------------------
    Total                                      4.901ns (0.913ns logic, 3.988ns route)
                                                       (18.6% logic, 81.4% route)

--------------------------------------------------------------------------------
Slack:                  14.959ns (requirement - (data path - clock path skew + uncertainty))
  Source:               reset_cond/M_stage_q_3 (FF)
  Destination:          slowclock/M_ctr_q_27 (FF)
  Requirement:          20.000ns
  Data Path Delay:      4.887ns (Levels of Logic = 0)
  Clock Path Skew:      -0.119ns (0.694 - 0.813)
  Source Clock:         clk_BUFGP rising at 0.000ns
  Destination Clock:    clk_BUFGP rising at 20.000ns
  Clock Uncertainty:    0.035ns

  Clock Uncertainty:          0.035ns  ((TSJ^2 + TIJ^2)^1/2 + DJ) / 2 + PE
    Total System Jitter (TSJ):  0.070ns
    Total Input Jitter (TIJ):   0.000ns
    Discrete Jitter (DJ):       0.000ns
    Phase Error (PE):           0.000ns

  Maximum Data Path at Slow Process Corner: reset_cond/M_stage_q_3 to slowclock/M_ctr_q_27
    Location             Delay type         Delay(ns)  Physical Resource
                                                       Logical Resource(s)
    -------------------------------------------------  -------------------
    SLICE_X1Y6.AMUX      Tshcko                0.518   reset_cond/M_stage_q[2]
                                                       reset_cond/M_stage_q_3
    SLICE_X22Y32.SR      net (fanout=8)        3.988   M_reset_cond_out
    SLICE_X22Y32.CLK     Tsrck                 0.381   slowclock/M_ctr_q[27]
                                                       slowclock/M_ctr_q_27
    -------------------------------------------------  ---------------------------
    Total                                      4.887ns (0.899ns logic, 3.988ns route)
                                                       (18.4% logic, 81.6% route)

--------------------------------------------------------------------------------
Slack:                  15.123ns (requirement - (data path - clock path skew + uncertainty))
  Source:               reset_cond/M_stage_q_3 (FF)
  Destination:          slowclock/M_ctr_q_9 (FF)
  Requirement:          20.000ns
  Data Path Delay:      4.726ns (Levels of Logic = 0)
  Clock Path Skew:      -0.116ns (0.604 - 0.720)
  Source Clock:         clk_BUFGP rising at 0.000ns
  Destination Clock:    clk_BUFGP rising at 20.000ns
  Clock Uncertainty:    0.035ns

  Clock Uncertainty:          0.035ns  ((TSJ^2 + TIJ^2)^1/2 + DJ) / 2 + PE
    Total System Jitter (TSJ):  0.070ns
    Total Input Jitter (TIJ):   0.000ns
    Discrete Jitter (DJ):       0.000ns
    Phase Error (PE):           0.000ns

  Maximum Data Path at Slow Process Corner: reset_cond/M_stage_q_3 to slowclock/M_ctr_q_9
    Location             Delay type         Delay(ns)  Physical Resource
                                                       Logical Resource(s)
    -------------------------------------------------  -------------------
    SLICE_X1Y6.AMUX      Tshcko                0.518   reset_cond/M_stage_q[2]
                                                       reset_cond/M_stage_q_3
    SLICE_X22Y28.SR      net (fanout=8)        3.779   M_reset_cond_out
    SLICE_X22Y28.CLK     Tsrck                 0.429   slowclock/M_ctr_q[11]
                                                       slowclock/M_ctr_q_9
    -------------------------------------------------  ---------------------------
    Total                                      4.726ns (0.947ns logic, 3.779ns route)
                                                       (20.0% logic, 80.0% route)

--------------------------------------------------------------------------------
Slack:                  15.134ns (requirement - (data path - clock path skew + uncertainty))
  Source:               reset_cond/M_stage_q_3 (FF)
  Destination:          slowclock/M_ctr_q_8 (FF)
  Requirement:          20.000ns
  Data Path Delay:      4.715ns (Levels of Logic = 0)
  Clock Path Skew:      -0.116ns (0.604 - 0.720)
  Source Clock:         clk_BUFGP rising at 0.000ns
  Destination Clock:    clk_BUFGP rising at 20.000ns
  Clock Uncertainty:    0.035ns

  Clock Uncertainty:          0.035ns  ((TSJ^2 + TIJ^2)^1/2 + DJ) / 2 + PE
    Total System Jitter (TSJ):  0.070ns
    Total Input Jitter (TIJ):   0.000ns
    Discrete Jitter (DJ):       0.000ns
    Phase Error (PE):           0.000ns

  Maximum Data Path at Slow Process Corner: reset_cond/M_stage_q_3 to slowclock/M_ctr_q_8
    Location             Delay type         Delay(ns)  Physical Resource
                                                       Logical Resource(s)
    -------------------------------------------------  -------------------
    SLICE_X1Y6.AMUX      Tshcko                0.518   reset_cond/M_stage_q[2]
                                                       reset_cond/M_stage_q_3
    SLICE_X22Y28.SR      net (fanout=8)        3.779   M_reset_cond_out
    SLICE_X22Y28.CLK     Tsrck                 0.418   slowclock/M_ctr_q[11]
                                                       slowclock/M_ctr_q_8
    -------------------------------------------------  ---------------------------
    Total                                      4.715ns (0.936ns logic, 3.779ns route)
                                                       (19.9% logic, 80.1% route)

--------------------------------------------------------------------------------
Slack:                  15.143ns (requirement - (data path - clock path skew + uncertainty))
  Source:               reset_cond/M_stage_q_3 (FF)
  Destination:          slowclock/M_ctr_q_21 (FF)
  Requirement:          20.000ns
  Data Path Delay:      4.709ns (Levels of Logic = 0)
  Clock Path Skew:      -0.113ns (0.607 - 0.720)
  Source Clock:         clk_BUFGP rising at 0.000ns
  Destination Clock:    clk_BUFGP rising at 20.000ns
  Clock Uncertainty:    0.035ns

  Clock Uncertainty:          0.035ns  ((TSJ^2 + TIJ^2)^1/2 + DJ) / 2 + PE
    Total System Jitter (TSJ):  0.070ns
    Total Input Jitter (TIJ):   0.000ns
    Discrete Jitter (DJ):       0.000ns
    Phase Error (PE):           0.000ns

  Maximum Data Path at Slow Process Corner: reset_cond/M_stage_q_3 to slowclock/M_ctr_q_21
    Location             Delay type         Delay(ns)  Physical Resource
                                                       Logical Resource(s)
    -------------------------------------------------  -------------------
    SLICE_X1Y6.AMUX      Tshcko                0.518   reset_cond/M_stage_q[2]
                                                       reset_cond/M_stage_q_3
    SLICE_X22Y31.SR      net (fanout=8)        3.762   M_reset_cond_out
    SLICE_X22Y31.CLK     Tsrck                 0.429   slowclock/M_ctr_q[23]
                                                       slowclock/M_ctr_q_21
    -------------------------------------------------  ---------------------------
    Total                                      4.709ns (0.947ns logic, 3.762ns route)
                                                       (20.1% logic, 79.9% route)

--------------------------------------------------------------------------------
Slack:                  15.154ns (requirement - (data path - clock path skew + uncertainty))
  Source:               reset_cond/M_stage_q_3 (FF)
  Destination:          slowclock/M_ctr_q_20 (FF)
  Requirement:          20.000ns
  Data Path Delay:      4.698ns (Levels of Logic = 0)
  Clock Path Skew:      -0.113ns (0.607 - 0.720)
  Source Clock:         clk_BUFGP rising at 0.000ns
  Destination Clock:    clk_BUFGP rising at 20.000ns
  Clock Uncertainty:    0.035ns

  Clock Uncertainty:          0.035ns  ((TSJ^2 + TIJ^2)^1/2 + DJ) / 2 + PE
    Total System Jitter (TSJ):  0.070ns
    Total Input Jitter (TIJ):   0.000ns
    Discrete Jitter (DJ):       0.000ns
    Phase Error (PE):           0.000ns

  Maximum Data Path at Slow Process Corner: reset_cond/M_stage_q_3 to slowclock/M_ctr_q_20
    Location             Delay type         Delay(ns)  Physical Resource
                                                       Logical Resource(s)
    -------------------------------------------------  -------------------
    SLICE_X1Y6.AMUX      Tshcko                0.518   reset_cond/M_stage_q[2]
                                                       reset_cond/M_stage_q_3
    SLICE_X22Y31.SR      net (fanout=8)        3.762   M_reset_cond_out
    SLICE_X22Y31.CLK     Tsrck                 0.418   slowclock/M_ctr_q[23]
                                                       slowclock/M_ctr_q_20
    -------------------------------------------------  ---------------------------
    Total                                      4.698ns (0.936ns logic, 3.762ns route)
                                                       (19.9% logic, 80.1% route)

--------------------------------------------------------------------------------
Slack:                  15.157ns (requirement - (data path - clock path skew + uncertainty))
  Source:               reset_cond/M_stage_q_3 (FF)
  Destination:          slowclock/M_ctr_q_10 (FF)
  Requirement:          20.000ns
  Data Path Delay:      4.692ns (Levels of Logic = 0)
  Clock Path Skew:      -0.116ns (0.604 - 0.720)
  Source Clock:         clk_BUFGP rising at 0.000ns
  Destination Clock:    clk_BUFGP rising at 20.000ns
  Clock Uncertainty:    0.035ns

  Clock Uncertainty:          0.035ns  ((TSJ^2 + TIJ^2)^1/2 + DJ) / 2 + PE
    Total System Jitter (TSJ):  0.070ns
    Total Input Jitter (TIJ):   0.000ns
    Discrete Jitter (DJ):       0.000ns
    Phase Error (PE):           0.000ns

  Maximum Data Path at Slow Process Corner: reset_cond/M_stage_q_3 to slowclock/M_ctr_q_10
    Location             Delay type         Delay(ns)  Physical Resource
                                                       Logical Resource(s)
    -------------------------------------------------  -------------------
    SLICE_X1Y6.AMUX      Tshcko                0.518   reset_cond/M_stage_q[2]
                                                       reset_cond/M_stage_q_3
    SLICE_X22Y28.SR      net (fanout=8)        3.779   M_reset_cond_out
    SLICE_X22Y28.CLK     Tsrck                 0.395   slowclock/M_ctr_q[11]
                                                       slowclock/M_ctr_q_10
    -------------------------------------------------  ---------------------------
    Total                                      4.692ns (0.913ns logic, 3.779ns route)
                                                       (19.5% logic, 80.5% route)

--------------------------------------------------------------------------------
Slack:                  15.171ns (requirement - (data path - clock path skew + uncertainty))
  Source:               reset_cond/M_stage_q_3 (FF)
  Destination:          slowclock/M_ctr_q_11 (FF)
  Requirement:          20.000ns
  Data Path Delay:      4.678ns (Levels of Logic = 0)
  Clock Path Skew:      -0.116ns (0.604 - 0.720)
  Source Clock:         clk_BUFGP rising at 0.000ns
  Destination Clock:    clk_BUFGP rising at 20.000ns
  Clock Uncertainty:    0.035ns

  Clock Uncertainty:          0.035ns  ((TSJ^2 + TIJ^2)^1/2 + DJ) / 2 + PE
    Total System Jitter (TSJ):  0.070ns
    Total Input Jitter (TIJ):   0.000ns
    Discrete Jitter (DJ):       0.000ns
    Phase Error (PE):           0.000ns

  Maximum Data Path at Slow Process Corner: reset_cond/M_stage_q_3 to slowclock/M_ctr_q_11
    Location             Delay type         Delay(ns)  Physical Resource
                                                       Logical Resource(s)
    -------------------------------------------------  -------------------
    SLICE_X1Y6.AMUX      Tshcko                0.518   reset_cond/M_stage_q[2]
                                                       reset_cond/M_stage_q_3
    SLICE_X22Y28.SR      net (fanout=8)        3.779   M_reset_cond_out
    SLICE_X22Y28.CLK     Tsrck                 0.381   slowclock/M_ctr_q[11]
                                                       slowclock/M_ctr_q_11
    -------------------------------------------------  ---------------------------
    Total                                      4.678ns (0.899ns logic, 3.779ns route)
                                                       (19.2% logic, 80.8% route)

--------------------------------------------------------------------------------
Slack:                  15.177ns (requirement - (data path - clock path skew + uncertainty))
  Source:               reset_cond/M_stage_q_3 (FF)
  Destination:          slowclock/M_ctr_q_22 (FF)
  Requirement:          20.000ns
  Data Path Delay:      4.675ns (Levels of Logic = 0)
  Clock Path Skew:      -0.113ns (0.607 - 0.720)
  Source Clock:         clk_BUFGP rising at 0.000ns
  Destination Clock:    clk_BUFGP rising at 20.000ns
  Clock Uncertainty:    0.035ns

  Clock Uncertainty:          0.035ns  ((TSJ^2 + TIJ^2)^1/2 + DJ) / 2 + PE
    Total System Jitter (TSJ):  0.070ns
    Total Input Jitter (TIJ):   0.000ns
    Discrete Jitter (DJ):       0.000ns
    Phase Error (PE):           0.000ns

  Maximum Data Path at Slow Process Corner: reset_cond/M_stage_q_3 to slowclock/M_ctr_q_22
    Location             Delay type         Delay(ns)  Physical Resource
                                                       Logical Resource(s)
    -------------------------------------------------  -------------------
    SLICE_X1Y6.AMUX      Tshcko                0.518   reset_cond/M_stage_q[2]
                                                       reset_cond/M_stage_q_3
    SLICE_X22Y31.SR      net (fanout=8)        3.762   M_reset_cond_out
    SLICE_X22Y31.CLK     Tsrck                 0.395   slowclock/M_ctr_q[23]
                                                       slowclock/M_ctr_q_22
    -------------------------------------------------  ---------------------------
    Total                                      4.675ns (0.913ns logic, 3.762ns route)
                                                       (19.5% logic, 80.5% route)

--------------------------------------------------------------------------------
Slack:                  15.191ns (requirement - (data path - clock path skew + uncertainty))
  Source:               reset_cond/M_stage_q_3 (FF)
  Destination:          slowclock/M_ctr_q_23 (FF)
  Requirement:          20.000ns
  Data Path Delay:      4.661ns (Levels of Logic = 0)
  Clock Path Skew:      -0.113ns (0.607 - 0.720)
  Source Clock:         clk_BUFGP rising at 0.000ns
  Destination Clock:    clk_BUFGP rising at 20.000ns
  Clock Uncertainty:    0.035ns

  Clock Uncertainty:          0.035ns  ((TSJ^2 + TIJ^2)^1/2 + DJ) / 2 + PE
    Total System Jitter (TSJ):  0.070ns
    Total Input Jitter (TIJ):   0.000ns
    Discrete Jitter (DJ):       0.000ns
    Phase Error (PE):           0.000ns

  Maximum Data Path at Slow Process Corner: reset_cond/M_stage_q_3 to slowclock/M_ctr_q_23
    Location             Delay type         Delay(ns)  Physical Resource
                                                       Logical Resource(s)
    -------------------------------------------------  -------------------
    SLICE_X1Y6.AMUX      Tshcko                0.518   reset_cond/M_stage_q[2]
                                                       reset_cond/M_stage_q_3
    SLICE_X22Y31.SR      net (fanout=8)        3.762   M_reset_cond_out
    SLICE_X22Y31.CLK     Tsrck                 0.381   slowclock/M_ctr_q[23]
                                                       slowclock/M_ctr_q_23
    -------------------------------------------------  ---------------------------
    Total                                      4.661ns (0.899ns logic, 3.762ns route)
                                                       (19.3% logic, 80.7% route)

--------------------------------------------------------------------------------
Slack:                  15.254ns (requirement - (data path - clock path skew + uncertainty))
  Source:               reset_cond/M_stage_q_3 (FF)
  Destination:          slowclock/M_ctr_q_29 (FF)
  Requirement:          20.000ns
  Data Path Delay:      4.591ns (Levels of Logic = 0)
  Clock Path Skew:      -0.120ns (0.693 - 0.813)
  Source Clock:         clk_BUFGP rising at 0.000ns
  Destination Clock:    clk_BUFGP rising at 20.000ns
  Clock Uncertainty:    0.035ns

  Clock Uncertainty:          0.035ns  ((TSJ^2 + TIJ^2)^1/2 + DJ) / 2 + PE
    Total System Jitter (TSJ):  0.070ns
    Total Input Jitter (TIJ):   0.000ns
    Discrete Jitter (DJ):       0.000ns
    Phase Error (PE):           0.000ns

  Maximum Data Path at Slow Process Corner: reset_cond/M_stage_q_3 to slowclock/M_ctr_q_29
    Location             Delay type         Delay(ns)  Physical Resource
                                                       Logical Resource(s)
    -------------------------------------------------  -------------------
    SLICE_X1Y6.AMUX      Tshcko                0.518   reset_cond/M_stage_q[2]
                                                       reset_cond/M_stage_q_3
    SLICE_X22Y33.SR      net (fanout=8)        3.644   M_reset_cond_out
    SLICE_X22Y33.CLK     Tsrck                 0.429   M_slowclock_value
                                                       slowclock/M_ctr_q_29
    -------------------------------------------------  ---------------------------
    Total                                      4.591ns (0.947ns logic, 3.644ns route)
                                                       (20.6% logic, 79.4% route)

--------------------------------------------------------------------------------
Slack:                  15.265ns (requirement - (data path - clock path skew + uncertainty))
  Source:               reset_cond/M_stage_q_3 (FF)
  Destination:          slowclock/M_ctr_q_28 (FF)
  Requirement:          20.000ns
  Data Path Delay:      4.580ns (Levels of Logic = 0)
  Clock Path Skew:      -0.120ns (0.693 - 0.813)
  Source Clock:         clk_BUFGP rising at 0.000ns
  Destination Clock:    clk_BUFGP rising at 20.000ns
  Clock Uncertainty:    0.035ns

  Clock Uncertainty:          0.035ns  ((TSJ^2 + TIJ^2)^1/2 + DJ) / 2 + PE
    Total System Jitter (TSJ):  0.070ns
    Total Input Jitter (TIJ):   0.000ns
    Discrete Jitter (DJ):       0.000ns
    Phase Error (PE):           0.000ns

  Maximum Data Path at Slow Process Corner: reset_cond/M_stage_q_3 to slowclock/M_ctr_q_28
    Location             Delay type         Delay(ns)  Physical Resource
                                                       Logical Resource(s)
    -------------------------------------------------  -------------------
    SLICE_X1Y6.AMUX      Tshcko                0.518   reset_cond/M_stage_q[2]
                                                       reset_cond/M_stage_q_3
    SLICE_X22Y33.SR      net (fanout=8)        3.644   M_reset_cond_out
    SLICE_X22Y33.CLK     Tsrck                 0.418   M_slowclock_value
                                                       slowclock/M_ctr_q_28
    -------------------------------------------------  ---------------------------
    Total                                      4.580ns (0.936ns logic, 3.644ns route)
                                                       (20.4% logic, 79.6% route)

--------------------------------------------------------------------------------
Slack:                  15.288ns (requirement - (data path - clock path skew + uncertainty))
  Source:               reset_cond/M_stage_q_3 (FF)
  Destination:          slowclock/M_ctr_q_30 (FF)
  Requirement:          20.000ns
  Data Path Delay:      4.557ns (Levels of Logic = 0)
  Clock Path Skew:      -0.120ns (0.693 - 0.813)
  Source Clock:         clk_BUFGP rising at 0.000ns
  Destination Clock:    clk_BUFGP rising at 20.000ns
  Clock Uncertainty:    0.035ns

  Clock Uncertainty:          0.035ns  ((TSJ^2 + TIJ^2)^1/2 + DJ) / 2 + PE
    Total System Jitter (TSJ):  0.070ns
    Total Input Jitter (TIJ):   0.000ns
    Discrete Jitter (DJ):       0.000ns
    Phase Error (PE):           0.000ns

  Maximum Data Path at Slow Process Corner: reset_cond/M_stage_q_3 to slowclock/M_ctr_q_30
    Location             Delay type         Delay(ns)  Physical Resource
                                                       Logical Resource(s)
    -------------------------------------------------  -------------------
    SLICE_X1Y6.AMUX      Tshcko                0.518   reset_cond/M_stage_q[2]
                                                       reset_cond/M_stage_q_3
    SLICE_X22Y33.SR      net (fanout=8)        3.644   M_reset_cond_out
    SLICE_X22Y33.CLK     Tsrck                 0.395   M_slowclock_value
                                                       slowclock/M_ctr_q_30
    -------------------------------------------------  ---------------------------
    Total                                      4.557ns (0.913ns logic, 3.644ns route)
                                                       (20.0% logic, 80.0% route)

--------------------------------------------------------------------------------
Slack:                  15.308ns (requirement - (data path - clock path skew + uncertainty))
  Source:               reset_cond/M_stage_q_3 (FF)
  Destination:          slowclock/M_ctr_q_5 (FF)
  Requirement:          20.000ns
  Data Path Delay:      4.539ns (Levels of Logic = 0)
  Clock Path Skew:      -0.118ns (0.602 - 0.720)
  Source Clock:         clk_BUFGP rising at 0.000ns
  Destination Clock:    clk_BUFGP rising at 20.000ns
  Clock Uncertainty:    0.035ns

  Clock Uncertainty:          0.035ns  ((TSJ^2 + TIJ^2)^1/2 + DJ) / 2 + PE
    Total System Jitter (TSJ):  0.070ns
    Total Input Jitter (TIJ):   0.000ns
    Discrete Jitter (DJ):       0.000ns
    Phase Error (PE):           0.000ns

  Maximum Data Path at Slow Process Corner: reset_cond/M_stage_q_3 to slowclock/M_ctr_q_5
    Location             Delay type         Delay(ns)  Physical Resource
                                                       Logical Resource(s)
    -------------------------------------------------  -------------------
    SLICE_X1Y6.AMUX      Tshcko                0.518   reset_cond/M_stage_q[2]
                                                       reset_cond/M_stage_q_3
    SLICE_X22Y27.SR      net (fanout=8)        3.592   M_reset_cond_out
    SLICE_X22Y27.CLK     Tsrck                 0.429   slowclock/M_ctr_q[7]
                                                       slowclock/M_ctr_q_5
    -------------------------------------------------  ---------------------------
    Total                                      4.539ns (0.947ns logic, 3.592ns route)
                                                       (20.9% logic, 79.1% route)

--------------------------------------------------------------------------------
Slack:                  15.319ns (requirement - (data path - clock path skew + uncertainty))
  Source:               reset_cond/M_stage_q_3 (FF)
  Destination:          slowclock/M_ctr_q_4 (FF)
  Requirement:          20.000ns
  Data Path Delay:      4.528ns (Levels of Logic = 0)
  Clock Path Skew:      -0.118ns (0.602 - 0.720)
  Source Clock:         clk_BUFGP rising at 0.000ns
  Destination Clock:    clk_BUFGP rising at 20.000ns
  Clock Uncertainty:    0.035ns

  Clock Uncertainty:          0.035ns  ((TSJ^2 + TIJ^2)^1/2 + DJ) / 2 + PE
    Total System Jitter (TSJ):  0.070ns
    Total Input Jitter (TIJ):   0.000ns
    Discrete Jitter (DJ):       0.000ns
    Phase Error (PE):           0.000ns

  Maximum Data Path at Slow Process Corner: reset_cond/M_stage_q_3 to slowclock/M_ctr_q_4
    Location             Delay type         Delay(ns)  Physical Resource
                                                       Logical Resource(s)
    -------------------------------------------------  -------------------
    SLICE_X1Y6.AMUX      Tshcko                0.518   reset_cond/M_stage_q[2]
                                                       reset_cond/M_stage_q_3
    SLICE_X22Y27.SR      net (fanout=8)        3.592   M_reset_cond_out
    SLICE_X22Y27.CLK     Tsrck                 0.418   slowclock/M_ctr_q[7]
                                                       slowclock/M_ctr_q_4
    -------------------------------------------------  ---------------------------
    Total                                      4.528ns (0.936ns logic, 3.592ns route)
                                                       (20.7% logic, 79.3% route)

--------------------------------------------------------------------------------
Slack:                  15.336ns (requirement - (data path - clock path skew + uncertainty))
  Source:               reset_cond/M_stage_q_3 (FF)
  Destination:          slowclock/M_ctr_q_17 (FF)
  Requirement:          20.000ns
  Data Path Delay:      4.516ns (Levels of Logic = 0)
  Clock Path Skew:      -0.113ns (0.607 - 0.720)
  Source Clock:         clk_BUFGP rising at 0.000ns
  Destination Clock:    clk_BUFGP rising at 20.000ns
  Clock Uncertainty:    0.035ns

  Clock Uncertainty:          0.035ns  ((TSJ^2 + TIJ^2)^1/2 + DJ) / 2 + PE
    Total System Jitter (TSJ):  0.070ns
    Total Input Jitter (TIJ):   0.000ns
    Discrete Jitter (DJ):       0.000ns
    Phase Error (PE):           0.000ns

  Maximum Data Path at Slow Process Corner: reset_cond/M_stage_q_3 to slowclock/M_ctr_q_17
    Location             Delay type         Delay(ns)  Physical Resource
                                                       Logical Resource(s)
    -------------------------------------------------  -------------------
    SLICE_X1Y6.AMUX      Tshcko                0.518   reset_cond/M_stage_q[2]
                                                       reset_cond/M_stage_q_3
    SLICE_X22Y30.SR      net (fanout=8)        3.569   M_reset_cond_out
    SLICE_X22Y30.CLK     Tsrck                 0.429   slowclock/M_ctr_q[19]
                                                       slowclock/M_ctr_q_17
    -------------------------------------------------  ---------------------------
    Total                                      4.516ns (0.947ns logic, 3.569ns route)
                                                       (21.0% logic, 79.0% route)

--------------------------------------------------------------------------------
Slack:                  15.342ns (requirement - (data path - clock path skew + uncertainty))
  Source:               reset_cond/M_stage_q_3 (FF)
  Destination:          slowclock/M_ctr_q_6 (FF)
  Requirement:          20.000ns
  Data Path Delay:      4.505ns (Levels of Logic = 0)
  Clock Path Skew:      -0.118ns (0.602 - 0.720)
  Source Clock:         clk_BUFGP rising at 0.000ns
  Destination Clock:    clk_BUFGP rising at 20.000ns
  Clock Uncertainty:    0.035ns

  Clock Uncertainty:          0.035ns  ((TSJ^2 + TIJ^2)^1/2 + DJ) / 2 + PE
    Total System Jitter (TSJ):  0.070ns
    Total Input Jitter (TIJ):   0.000ns
    Discrete Jitter (DJ):       0.000ns
    Phase Error (PE):           0.000ns

  Maximum Data Path at Slow Process Corner: reset_cond/M_stage_q_3 to slowclock/M_ctr_q_6
    Location             Delay type         Delay(ns)  Physical Resource
                                                       Logical Resource(s)
    -------------------------------------------------  -------------------
    SLICE_X1Y6.AMUX      Tshcko                0.518   reset_cond/M_stage_q[2]
                                                       reset_cond/M_stage_q_3
    SLICE_X22Y27.SR      net (fanout=8)        3.592   M_reset_cond_out
    SLICE_X22Y27.CLK     Tsrck                 0.395   slowclock/M_ctr_q[7]
                                                       slowclock/M_ctr_q_6
    -------------------------------------------------  ---------------------------
    Total                                      4.505ns (0.913ns logic, 3.592ns route)
                                                       (20.3% logic, 79.7% route)

--------------------------------------------------------------------------------
Slack:                  15.347ns (requirement - (data path - clock path skew + uncertainty))
  Source:               reset_cond/M_stage_q_3 (FF)
  Destination:          slowclock/M_ctr_q_16 (FF)
  Requirement:          20.000ns
  Data Path Delay:      4.505ns (Levels of Logic = 0)
  Clock Path Skew:      -0.113ns (0.607 - 0.720)
  Source Clock:         clk_BUFGP rising at 0.000ns
  Destination Clock:    clk_BUFGP rising at 20.000ns
  Clock Uncertainty:    0.035ns

  Clock Uncertainty:          0.035ns  ((TSJ^2 + TIJ^2)^1/2 + DJ) / 2 + PE
    Total System Jitter (TSJ):  0.070ns
    Total Input Jitter (TIJ):   0.000ns
    Discrete Jitter (DJ):       0.000ns
    Phase Error (PE):           0.000ns

  Maximum Data Path at Slow Process Corner: reset_cond/M_stage_q_3 to slowclock/M_ctr_q_16
    Location             Delay type         Delay(ns)  Physical Resource
                                                       Logical Resource(s)
    -------------------------------------------------  -------------------
    SLICE_X1Y6.AMUX      Tshcko                0.518   reset_cond/M_stage_q[2]
                                                       reset_cond/M_stage_q_3
    SLICE_X22Y30.SR      net (fanout=8)        3.569   M_reset_cond_out
    SLICE_X22Y30.CLK     Tsrck                 0.418   slowclock/M_ctr_q[19]
                                                       slowclock/M_ctr_q_16
    -------------------------------------------------  ---------------------------
    Total                                      4.505ns (0.936ns logic, 3.569ns route)
                                                       (20.8% logic, 79.2% route)

--------------------------------------------------------------------------------
Slack:                  15.356ns (requirement - (data path - clock path skew + uncertainty))
  Source:               reset_cond/M_stage_q_3 (FF)
  Destination:          slowclock/M_ctr_q_7 (FF)
  Requirement:          20.000ns
  Data Path Delay:      4.491ns (Levels of Logic = 0)
  Clock Path Skew:      -0.118ns (0.602 - 0.720)
  Source Clock:         clk_BUFGP rising at 0.000ns
  Destination Clock:    clk_BUFGP rising at 20.000ns
  Clock Uncertainty:    0.035ns

  Clock Uncertainty:          0.035ns  ((TSJ^2 + TIJ^2)^1/2 + DJ) / 2 + PE
    Total System Jitter (TSJ):  0.070ns
    Total Input Jitter (TIJ):   0.000ns
    Discrete Jitter (DJ):       0.000ns
    Phase Error (PE):           0.000ns

  Maximum Data Path at Slow Process Corner: reset_cond/M_stage_q_3 to slowclock/M_ctr_q_7
    Location             Delay type         Delay(ns)  Physical Resource
                                                       Logical Resource(s)
    -------------------------------------------------  -------------------
    SLICE_X1Y6.AMUX      Tshcko                0.518   reset_cond/M_stage_q[2]
                                                       reset_cond/M_stage_q_3
    SLICE_X22Y27.SR      net (fanout=8)        3.592   M_reset_cond_out
    SLICE_X22Y27.CLK     Tsrck                 0.381   slowclock/M_ctr_q[7]
                                                       slowclock/M_ctr_q_7
    -------------------------------------------------  ---------------------------
    Total                                      4.491ns (0.899ns logic, 3.592ns route)
                                                       (20.0% logic, 80.0% route)

--------------------------------------------------------------------------------
Slack:                  15.370ns (requirement - (data path - clock path skew + uncertainty))
  Source:               reset_cond/M_stage_q_3 (FF)
  Destination:          slowclock/M_ctr_q_18 (FF)
  Requirement:          20.000ns
  Data Path Delay:      4.482ns (Levels of Logic = 0)
  Clock Path Skew:      -0.113ns (0.607 - 0.720)
  Source Clock:         clk_BUFGP rising at 0.000ns
  Destination Clock:    clk_BUFGP rising at 20.000ns
  Clock Uncertainty:    0.035ns

  Clock Uncertainty:          0.035ns  ((TSJ^2 + TIJ^2)^1/2 + DJ) / 2 + PE
    Total System Jitter (TSJ):  0.070ns
    Total Input Jitter (TIJ):   0.000ns
    Discrete Jitter (DJ):       0.000ns
    Phase Error (PE):           0.000ns

  Maximum Data Path at Slow Process Corner: reset_cond/M_stage_q_3 to slowclock/M_ctr_q_18
    Location             Delay type         Delay(ns)  Physical Resource
                                                       Logical Resource(s)
    -------------------------------------------------  -------------------
    SLICE_X1Y6.AMUX      Tshcko                0.518   reset_cond/M_stage_q[2]
                                                       reset_cond/M_stage_q_3
    SLICE_X22Y30.SR      net (fanout=8)        3.569   M_reset_cond_out
    SLICE_X22Y30.CLK     Tsrck                 0.395   slowclock/M_ctr_q[19]
                                                       slowclock/M_ctr_q_18
    -------------------------------------------------  ---------------------------
    Total                                      4.482ns (0.913ns logic, 3.569ns route)
                                                       (20.4% logic, 79.6% route)

--------------------------------------------------------------------------------
Slack:                  15.384ns (requirement - (data path - clock path skew + uncertainty))
  Source:               reset_cond/M_stage_q_3 (FF)
  Destination:          slowclock/M_ctr_q_19 (FF)
  Requirement:          20.000ns
  Data Path Delay:      4.468ns (Levels of Logic = 0)
  Clock Path Skew:      -0.113ns (0.607 - 0.720)
  Source Clock:         clk_BUFGP rising at 0.000ns
  Destination Clock:    clk_BUFGP rising at 20.000ns
  Clock Uncertainty:    0.035ns

  Clock Uncertainty:          0.035ns  ((TSJ^2 + TIJ^2)^1/2 + DJ) / 2 + PE
    Total System Jitter (TSJ):  0.070ns
    Total Input Jitter (TIJ):   0.000ns
    Discrete Jitter (DJ):       0.000ns
    Phase Error (PE):           0.000ns

  Maximum Data Path at Slow Process Corner: reset_cond/M_stage_q_3 to slowclock/M_ctr_q_19
    Location             Delay type         Delay(ns)  Physical Resource
                                                       Logical Resource(s)
    -------------------------------------------------  -------------------
    SLICE_X1Y6.AMUX      Tshcko                0.518   reset_cond/M_stage_q[2]
                                                       reset_cond/M_stage_q_3
    SLICE_X22Y30.SR      net (fanout=8)        3.569   M_reset_cond_out
    SLICE_X22Y30.CLK     Tsrck                 0.381   slowclock/M_ctr_q[19]
                                                       slowclock/M_ctr_q_19
    -------------------------------------------------  ---------------------------
    Total                                      4.468ns (0.899ns logic, 3.569ns route)
                                                       (20.1% logic, 79.9% route)

--------------------------------------------------------------------------------
Slack:                  15.498ns (requirement - (data path - clock path skew + uncertainty))
  Source:               reset_cond/M_stage_q_3 (FF)
  Destination:          slowclock/M_ctr_q_1 (FF)
  Requirement:          20.000ns
  Data Path Delay:      4.346ns (Levels of Logic = 0)
  Clock Path Skew:      -0.121ns (0.599 - 0.720)
  Source Clock:         clk_BUFGP rising at 0.000ns
  Destination Clock:    clk_BUFGP rising at 20.000ns
  Clock Uncertainty:    0.035ns

  Clock Uncertainty:          0.035ns  ((TSJ^2 + TIJ^2)^1/2 + DJ) / 2 + PE
    Total System Jitter (TSJ):  0.070ns
    Total Input Jitter (TIJ):   0.000ns
    Discrete Jitter (DJ):       0.000ns
    Phase Error (PE):           0.000ns

  Maximum Data Path at Slow Process Corner: reset_cond/M_stage_q_3 to slowclock/M_ctr_q_1
    Location             Delay type         Delay(ns)  Physical Resource
                                                       Logical Resource(s)
    -------------------------------------------------  -------------------
    SLICE_X1Y6.AMUX      Tshcko                0.518   reset_cond/M_stage_q[2]
                                                       reset_cond/M_stage_q_3
    SLICE_X22Y26.SR      net (fanout=8)        3.399   M_reset_cond_out
    SLICE_X22Y26.CLK     Tsrck                 0.429   slowclock/M_ctr_q[3]
                                                       slowclock/M_ctr_q_1
    -------------------------------------------------  ---------------------------
    Total                                      4.346ns (0.947ns logic, 3.399ns route)
                                                       (21.8% logic, 78.2% route)

--------------------------------------------------------------------------------
Slack:                  15.509ns (requirement - (data path - clock path skew + uncertainty))
  Source:               reset_cond/M_stage_q_3 (FF)
  Destination:          slowclock/M_ctr_q_0 (FF)
  Requirement:          20.000ns
  Data Path Delay:      4.335ns (Levels of Logic = 0)
  Clock Path Skew:      -0.121ns (0.599 - 0.720)
  Source Clock:         clk_BUFGP rising at 0.000ns
  Destination Clock:    clk_BUFGP rising at 20.000ns
  Clock Uncertainty:    0.035ns

  Clock Uncertainty:          0.035ns  ((TSJ^2 + TIJ^2)^1/2 + DJ) / 2 + PE
    Total System Jitter (TSJ):  0.070ns
    Total Input Jitter (TIJ):   0.000ns
    Discrete Jitter (DJ):       0.000ns
    Phase Error (PE):           0.000ns

  Maximum Data Path at Slow Process Corner: reset_cond/M_stage_q_3 to slowclock/M_ctr_q_0
    Location             Delay type         Delay(ns)  Physical Resource
                                                       Logical Resource(s)
    -------------------------------------------------  -------------------
    SLICE_X1Y6.AMUX      Tshcko                0.518   reset_cond/M_stage_q[2]
                                                       reset_cond/M_stage_q_3
    SLICE_X22Y26.SR      net (fanout=8)        3.399   M_reset_cond_out
    SLICE_X22Y26.CLK     Tsrck                 0.418   slowclock/M_ctr_q[3]
                                                       slowclock/M_ctr_q_0
    -------------------------------------------------  ---------------------------
    Total                                      4.335ns (0.936ns logic, 3.399ns route)
                                                       (21.6% logic, 78.4% route)

--------------------------------------------------------------------------------
Slack:                  15.528ns (requirement - (data path - clock path skew + uncertainty))
  Source:               reset_cond/M_stage_q_3 (FF)
  Destination:          slowclock/M_ctr_q_13 (FF)
  Requirement:          20.000ns
  Data Path Delay:      4.322ns (Levels of Logic = 0)
  Clock Path Skew:      -0.115ns (0.605 - 0.720)
  Source Clock:         clk_BUFGP rising at 0.000ns
  Destination Clock:    clk_BUFGP rising at 20.000ns
  Clock Uncertainty:    0.035ns

  Clock Uncertainty:          0.035ns  ((TSJ^2 + TIJ^2)^1/2 + DJ) / 2 + PE
    Total System Jitter (TSJ):  0.070ns
    Total Input Jitter (TIJ):   0.000ns
    Discrete Jitter (DJ):       0.000ns
    Phase Error (PE):           0.000ns

  Maximum Data Path at Slow Process Corner: reset_cond/M_stage_q_3 to slowclock/M_ctr_q_13
    Location             Delay type         Delay(ns)  Physical Resource
                                                       Logical Resource(s)
    -------------------------------------------------  -------------------
    SLICE_X1Y6.AMUX      Tshcko                0.518   reset_cond/M_stage_q[2]
                                                       reset_cond/M_stage_q_3
    SLICE_X22Y29.SR      net (fanout=8)        3.375   M_reset_cond_out
    SLICE_X22Y29.CLK     Tsrck                 0.429   slowclock/M_ctr_q[15]
                                                       slowclock/M_ctr_q_13
    -------------------------------------------------  ---------------------------
    Total                                      4.322ns (0.947ns logic, 3.375ns route)
                                                       (21.9% logic, 78.1% route)

--------------------------------------------------------------------------------
Slack:                  15.532ns (requirement - (data path - clock path skew + uncertainty))
  Source:               reset_cond/M_stage_q_3 (FF)
  Destination:          slowclock/M_ctr_q_2 (FF)
  Requirement:          20.000ns
  Data Path Delay:      4.312ns (Levels of Logic = 0)
  Clock Path Skew:      -0.121ns (0.599 - 0.720)
  Source Clock:         clk_BUFGP rising at 0.000ns
  Destination Clock:    clk_BUFGP rising at 20.000ns
  Clock Uncertainty:    0.035ns

  Clock Uncertainty:          0.035ns  ((TSJ^2 + TIJ^2)^1/2 + DJ) / 2 + PE
    Total System Jitter (TSJ):  0.070ns
    Total Input Jitter (TIJ):   0.000ns
    Discrete Jitter (DJ):       0.000ns
    Phase Error (PE):           0.000ns

  Maximum Data Path at Slow Process Corner: reset_cond/M_stage_q_3 to slowclock/M_ctr_q_2
    Location             Delay type         Delay(ns)  Physical Resource
                                                       Logical Resource(s)
    -------------------------------------------------  -------------------
    SLICE_X1Y6.AMUX      Tshcko                0.518   reset_cond/M_stage_q[2]
                                                       reset_cond/M_stage_q_3
    SLICE_X22Y26.SR      net (fanout=8)        3.399   M_reset_cond_out
    SLICE_X22Y26.CLK     Tsrck                 0.395   slowclock/M_ctr_q[3]
                                                       slowclock/M_ctr_q_2
    -------------------------------------------------  ---------------------------
    Total                                      4.312ns (0.913ns logic, 3.399ns route)
                                                       (21.2% logic, 78.8% route)

--------------------------------------------------------------------------------
Slack:                  15.539ns (requirement - (data path - clock path skew + uncertainty))
  Source:               reset_cond/M_stage_q_3 (FF)
  Destination:          slowclock/M_ctr_q_12 (FF)
  Requirement:          20.000ns
  Data Path Delay:      4.311ns (Levels of Logic = 0)
  Clock Path Skew:      -0.115ns (0.605 - 0.720)
  Source Clock:         clk_BUFGP rising at 0.000ns
  Destination Clock:    clk_BUFGP rising at 20.000ns
  Clock Uncertainty:    0.035ns

  Clock Uncertainty:          0.035ns  ((TSJ^2 + TIJ^2)^1/2 + DJ) / 2 + PE
    Total System Jitter (TSJ):  0.070ns
    Total Input Jitter (TIJ):   0.000ns
    Discrete Jitter (DJ):       0.000ns
    Phase Error (PE):           0.000ns

  Maximum Data Path at Slow Process Corner: reset_cond/M_stage_q_3 to slowclock/M_ctr_q_12
    Location             Delay type         Delay(ns)  Physical Resource
                                                       Logical Resource(s)
    -------------------------------------------------  -------------------
    SLICE_X1Y6.AMUX      Tshcko                0.518   reset_cond/M_stage_q[2]
                                                       reset_cond/M_stage_q_3
    SLICE_X22Y29.SR      net (fanout=8)        3.375   M_reset_cond_out
    SLICE_X22Y29.CLK     Tsrck                 0.418   slowclock/M_ctr_q[15]
                                                       slowclock/M_ctr_q_12
    -------------------------------------------------  ---------------------------
    Total                                      4.311ns (0.936ns logic, 3.375ns route)
                                                       (21.7% logic, 78.3% route)

--------------------------------------------------------------------------------
Slack:                  15.546ns (requirement - (data path - clock path skew + uncertainty))
  Source:               reset_cond/M_stage_q_3 (FF)
  Destination:          slowclock/M_ctr_q_3 (FF)
  Requirement:          20.000ns
  Data Path Delay:      4.298ns (Levels of Logic = 0)
  Clock Path Skew:      -0.121ns (0.599 - 0.720)
  Source Clock:         clk_BUFGP rising at 0.000ns
  Destination Clock:    clk_BUFGP rising at 20.000ns
  Clock Uncertainty:    0.035ns

  Clock Uncertainty:          0.035ns  ((TSJ^2 + TIJ^2)^1/2 + DJ) / 2 + PE
    Total System Jitter (TSJ):  0.070ns
    Total Input Jitter (TIJ):   0.000ns
    Discrete Jitter (DJ):       0.000ns
    Phase Error (PE):           0.000ns

  Maximum Data Path at Slow Process Corner: reset_cond/M_stage_q_3 to slowclock/M_ctr_q_3
    Location             Delay type         Delay(ns)  Physical Resource
                                                       Logical Resource(s)
    -------------------------------------------------  -------------------
    SLICE_X1Y6.AMUX      Tshcko                0.518   reset_cond/M_stage_q[2]
                                                       reset_cond/M_stage_q_3
    SLICE_X22Y26.SR      net (fanout=8)        3.399   M_reset_cond_out
    SLICE_X22Y26.CLK     Tsrck                 0.381   slowclock/M_ctr_q[3]
                                                       slowclock/M_ctr_q_3
    -------------------------------------------------  ---------------------------
    Total                                      4.298ns (0.899ns logic, 3.399ns route)
                                                       (20.9% logic, 79.1% route)

--------------------------------------------------------------------------------
Slack:                  15.562ns (requirement - (data path - clock path skew + uncertainty))
  Source:               reset_cond/M_stage_q_3 (FF)
  Destination:          slowclock/M_ctr_q_14 (FF)
  Requirement:          20.000ns
  Data Path Delay:      4.288ns (Levels of Logic = 0)
  Clock Path Skew:      -0.115ns (0.605 - 0.720)
  Source Clock:         clk_BUFGP rising at 0.000ns
  Destination Clock:    clk_BUFGP rising at 20.000ns
  Clock Uncertainty:    0.035ns

  Clock Uncertainty:          0.035ns  ((TSJ^2 + TIJ^2)^1/2 + DJ) / 2 + PE
    Total System Jitter (TSJ):  0.070ns
    Total Input Jitter (TIJ):   0.000ns
    Discrete Jitter (DJ):       0.000ns
    Phase Error (PE):           0.000ns

  Maximum Data Path at Slow Process Corner: reset_cond/M_stage_q_3 to slowclock/M_ctr_q_14
    Location             Delay type         Delay(ns)  Physical Resource
                                                       Logical Resource(s)
    -------------------------------------------------  -------------------
    SLICE_X1Y6.AMUX      Tshcko                0.518   reset_cond/M_stage_q[2]
                                                       reset_cond/M_stage_q_3
    SLICE_X22Y29.SR      net (fanout=8)        3.375   M_reset_cond_out
    SLICE_X22Y29.CLK     Tsrck                 0.395   slowclock/M_ctr_q[15]
                                                       slowclock/M_ctr_q_14
    -------------------------------------------------  ---------------------------
    Total                                      4.288ns (0.913ns logic, 3.375ns route)
                                                       (21.3% logic, 78.7% route)

--------------------------------------------------------------------------------

Component Switching Limit Checks: TS_clk = PERIOD TIMEGRP "clk" 50 MHz HIGH 50%;
--------------------------------------------------------------------------------
Slack: 17.334ns (period - min period limit)
  Period: 20.000ns
  Min period limit: 2.666ns (375.094MHz) (Tbcper_I)
  Physical resource: clk_BUFGP/BUFG/I0
  Logical resource: clk_BUFGP/BUFG/I0
  Location pin: BUFGMUX_X2Y11.I0
  Clock network: clk_BUFGP/IBUFG
--------------------------------------------------------------------------------
Slack: 19.525ns (period - min period limit)
  Period: 20.000ns
  Min period limit: 0.475ns (2105.263MHz) (Tcp)
  Physical resource: slowclock/M_ctr_q[3]/CLK
  Logical resource: slowclock/M_ctr_q_0/CK
  Location pin: SLICE_X22Y26.CLK
  Clock network: clk_BUFGP
--------------------------------------------------------------------------------
Slack: 19.525ns (period - min period limit)
  Period: 20.000ns
  Min period limit: 0.475ns (2105.263MHz) (Tcp)
  Physical resource: slowclock/M_ctr_q[3]/CLK
  Logical resource: slowclock/M_ctr_q_1/CK
  Location pin: SLICE_X22Y26.CLK
  Clock network: clk_BUFGP
--------------------------------------------------------------------------------
Slack: 19.525ns (period - min period limit)
  Period: 20.000ns
  Min period limit: 0.475ns (2105.263MHz) (Tcp)
  Physical resource: slowclock/M_ctr_q[3]/CLK
  Logical resource: slowclock/M_ctr_q_2/CK
  Location pin: SLICE_X22Y26.CLK
  Clock network: clk_BUFGP
--------------------------------------------------------------------------------
Slack: 19.525ns (period - min period limit)
  Period: 20.000ns
  Min period limit: 0.475ns (2105.263MHz) (Tcp)
  Physical resource: slowclock/M_ctr_q[3]/CLK
  Logical resource: slowclock/M_ctr_q_3/CK
  Location pin: SLICE_X22Y26.CLK
  Clock network: clk_BUFGP
--------------------------------------------------------------------------------
Slack: 19.525ns (period - min period limit)
  Period: 20.000ns
  Min period limit: 0.475ns (2105.263MHz) (Tcp)
  Physical resource: slowclock/M_ctr_q[7]/CLK
  Logical resource: slowclock/M_ctr_q_4/CK
  Location pin: SLICE_X22Y27.CLK
  Clock network: clk_BUFGP
--------------------------------------------------------------------------------
Slack: 19.525ns (period - min period limit)
  Period: 20.000ns
  Min period limit: 0.475ns (2105.263MHz) (Tcp)
  Physical resource: slowclock/M_ctr_q[7]/CLK
  Logical resource: slowclock/M_ctr_q_5/CK
  Location pin: SLICE_X22Y27.CLK
  Clock network: clk_BUFGP
--------------------------------------------------------------------------------
Slack: 19.525ns (period - min period limit)
  Period: 20.000ns
  Min period limit: 0.475ns (2105.263MHz) (Tcp)
  Physical resource: slowclock/M_ctr_q[7]/CLK
  Logical resource: slowclock/M_ctr_q_6/CK
  Location pin: SLICE_X22Y27.CLK
  Clock network: clk_BUFGP
--------------------------------------------------------------------------------
Slack: 19.525ns (period - min period limit)
  Period: 20.000ns
  Min period limit: 0.475ns (2105.263MHz) (Tcp)
  Physical resource: slowclock/M_ctr_q[7]/CLK
  Logical resource: slowclock/M_ctr_q_7/CK
  Location pin: SLICE_X22Y27.CLK
  Clock network: clk_BUFGP
--------------------------------------------------------------------------------
Slack: 19.525ns (period - min period limit)
  Period: 20.000ns
  Min period limit: 0.475ns (2105.263MHz) (Tcp)
  Physical resource: slowclock/M_ctr_q[11]/CLK
  Logical resource: slowclock/M_ctr_q_8/CK
  Location pin: SLICE_X22Y28.CLK
  Clock network: clk_BUFGP
--------------------------------------------------------------------------------
Slack: 19.525ns (period - min period limit)
  Period: 20.000ns
  Min period limit: 0.475ns (2105.263MHz) (Tcp)
  Physical resource: slowclock/M_ctr_q[11]/CLK
  Logical resource: slowclock/M_ctr_q_9/CK
  Location pin: SLICE_X22Y28.CLK
  Clock network: clk_BUFGP
--------------------------------------------------------------------------------
Slack: 19.525ns (period - min period limit)
  Period: 20.000ns
  Min period limit: 0.475ns (2105.263MHz) (Tcp)
  Physical resource: slowclock/M_ctr_q[11]/CLK
  Logical resource: slowclock/M_ctr_q_10/CK
  Location pin: SLICE_X22Y28.CLK
  Clock network: clk_BUFGP
--------------------------------------------------------------------------------
Slack: 19.525ns (period - min period limit)
  Period: 20.000ns
  Min period limit: 0.475ns (2105.263MHz) (Tcp)
  Physical resource: slowclock/M_ctr_q[11]/CLK
  Logical resource: slowclock/M_ctr_q_11/CK
  Location pin: SLICE_X22Y28.CLK
  Clock network: clk_BUFGP
--------------------------------------------------------------------------------
Slack: 19.525ns (period - min period limit)
  Period: 20.000ns
  Min period limit: 0.475ns (2105.263MHz) (Tcp)
  Physical resource: slowclock/M_ctr_q[15]/CLK
  Logical resource: slowclock/M_ctr_q_12/CK
  Location pin: SLICE_X22Y29.CLK
  Clock network: clk_BUFGP
--------------------------------------------------------------------------------
Slack: 19.525ns (period - min period limit)
  Period: 20.000ns
  Min period limit: 0.475ns (2105.263MHz) (Tcp)
  Physical resource: slowclock/M_ctr_q[15]/CLK
  Logical resource: slowclock/M_ctr_q_13/CK
  Location pin: SLICE_X22Y29.CLK
  Clock network: clk_BUFGP
--------------------------------------------------------------------------------
Slack: 19.525ns (period - min period limit)
  Period: 20.000ns
  Min period limit: 0.475ns (2105.263MHz) (Tcp)
  Physical resource: slowclock/M_ctr_q[15]/CLK
  Logical resource: slowclock/M_ctr_q_14/CK
  Location pin: SLICE_X22Y29.CLK
  Clock network: clk_BUFGP
--------------------------------------------------------------------------------
Slack: 19.525ns (period - min period limit)
  Period: 20.000ns
  Min period limit: 0.475ns (2105.263MHz) (Tcp)
  Physical resource: slowclock/M_ctr_q[15]/CLK
  Logical resource: slowclock/M_ctr_q_15/CK
  Location pin: SLICE_X22Y29.CLK
  Clock network: clk_BUFGP
--------------------------------------------------------------------------------
Slack: 19.525ns (period - min period limit)
  Period: 20.000ns
  Min period limit: 0.475ns (2105.263MHz) (Tcp)
  Physical resource: slowclock/M_ctr_q[19]/CLK
  Logical resource: slowclock/M_ctr_q_16/CK
  Location pin: SLICE_X22Y30.CLK
  Clock network: clk_BUFGP
--------------------------------------------------------------------------------
Slack: 19.525ns (period - min period limit)
  Period: 20.000ns
  Min period limit: 0.475ns (2105.263MHz) (Tcp)
  Physical resource: slowclock/M_ctr_q[19]/CLK
  Logical resource: slowclock/M_ctr_q_17/CK
  Location pin: SLICE_X22Y30.CLK
  Clock network: clk_BUFGP
--------------------------------------------------------------------------------
Slack: 19.525ns (period - min period limit)
  Period: 20.000ns
  Min period limit: 0.475ns (2105.263MHz) (Tcp)
  Physical resource: slowclock/M_ctr_q[19]/CLK
  Logical resource: slowclock/M_ctr_q_18/CK
  Location pin: SLICE_X22Y30.CLK
  Clock network: clk_BUFGP
--------------------------------------------------------------------------------
Slack: 19.525ns (period - min period limit)
  Period: 20.000ns
  Min period limit: 0.475ns (2105.263MHz) (Tcp)
  Physical resource: slowclock/M_ctr_q[19]/CLK
  Logical resource: slowclock/M_ctr_q_19/CK
  Location pin: SLICE_X22Y30.CLK
  Clock network: clk_BUFGP
--------------------------------------------------------------------------------
Slack: 19.525ns (period - min period limit)
  Period: 20.000ns
  Min period limit: 0.475ns (2105.263MHz) (Tcp)
  Physical resource: slowclock/M_ctr_q[23]/CLK
  Logical resource: slowclock/M_ctr_q_20/CK
  Location pin: SLICE_X22Y31.CLK
  Clock network: clk_BUFGP
--------------------------------------------------------------------------------
Slack: 19.525ns (period - min period limit)
  Period: 20.000ns
  Min period limit: 0.475ns (2105.263MHz) (Tcp)
  Physical resource: slowclock/M_ctr_q[23]/CLK
  Logical resource: slowclock/M_ctr_q_21/CK
  Location pin: SLICE_X22Y31.CLK
  Clock network: clk_BUFGP
--------------------------------------------------------------------------------
Slack: 19.525ns (period - min period limit)
  Period: 20.000ns
  Min period limit: 0.475ns (2105.263MHz) (Tcp)
  Physical resource: slowclock/M_ctr_q[23]/CLK
  Logical resource: slowclock/M_ctr_q_22/CK
  Location pin: SLICE_X22Y31.CLK
  Clock network: clk_BUFGP
--------------------------------------------------------------------------------
Slack: 19.525ns (period - min period limit)
  Period: 20.000ns
  Min period limit: 0.475ns (2105.263MHz) (Tcp)
  Physical resource: slowclock/M_ctr_q[23]/CLK
  Logical resource: slowclock/M_ctr_q_23/CK
  Location pin: SLICE_X22Y31.CLK
  Clock network: clk_BUFGP
--------------------------------------------------------------------------------
Slack: 19.525ns (period - min period limit)
  Period: 20.000ns
  Min period limit: 0.475ns (2105.263MHz) (Tcp)
  Physical resource: slowclock/M_ctr_q[27]/CLK
  Logical resource: slowclock/M_ctr_q_24/CK
  Location pin: SLICE_X22Y32.CLK
  Clock network: clk_BUFGP
--------------------------------------------------------------------------------
Slack: 19.525ns (period - min period limit)
  Period: 20.000ns
  Min period limit: 0.475ns (2105.263MHz) (Tcp)
  Physical resource: slowclock/M_ctr_q[27]/CLK
  Logical resource: slowclock/M_ctr_q_25/CK
  Location pin: SLICE_X22Y32.CLK
  Clock network: clk_BUFGP
--------------------------------------------------------------------------------
Slack: 19.525ns (period - min period limit)
  Period: 20.000ns
  Min period limit: 0.475ns (2105.263MHz) (Tcp)
  Physical resource: slowclock/M_ctr_q[27]/CLK
  Logical resource: slowclock/M_ctr_q_26/CK
  Location pin: SLICE_X22Y32.CLK
  Clock network: clk_BUFGP
--------------------------------------------------------------------------------
Slack: 19.525ns (period - min period limit)
  Period: 20.000ns
  Min period limit: 0.475ns (2105.263MHz) (Tcp)
  Physical resource: slowclock/M_ctr_q[27]/CLK
  Logical resource: slowclock/M_ctr_q_27/CK
  Location pin: SLICE_X22Y32.CLK
  Clock network: clk_BUFGP
--------------------------------------------------------------------------------
Slack: 19.525ns (period - min period limit)
  Period: 20.000ns
  Min period limit: 0.475ns (2105.263MHz) (Tcp)
  Physical resource: M_slowclock_value/CLK
  Logical resource: slowclock/M_ctr_q_28/CK
  Location pin: SLICE_X22Y33.CLK
  Clock network: clk_BUFGP
--------------------------------------------------------------------------------


All constraints were met.


Data Sheet report:
-----------------
All values displayed in nanoseconds (ns)

Clock to Setup on destination clock clk
---------------+---------+---------+---------+---------+
               | Src:Rise| Src:Fall| Src:Rise| Src:Fall|
Source Clock   |Dest:Rise|Dest:Rise|Dest:Fall|Dest:Fall|
---------------+---------+---------+---------+---------+
clk            |    5.089|         |         |         |
---------------+---------+---------+---------+---------+


Timing summary:
---------------

Timing errors: 0  Score: 0  (Setup/Max: 0, Hold: 0)

Constraints cover 530 paths, 0 nets, and 59 connections

Design statistics:
   Minimum period:   5.089ns{1}   (Maximum frequency: 196.502MHz)


------------------------------------Footnotes-----------------------------------
1)  The minimum period statistic assumes all single cycle delays.

Analysis completed Wed Aug 03 16:34:02 2016 
--------------------------------------------------------------------------------

Trace Settings:
-------------------------
Trace Settings 

Peak Memory Usage: 215 MB



